Watching for file changes with StatReloader
Exception in thread django-main-thread:
Traceback (most recent call last):
  File "c:\Users\saive\Downloads\breathe-esg\breathe-esg\venv\Lib\site-packages\numpy\_core\__init__.py", line 24, in <module>
    from . import multiarray
  File "c:\Users\saive\Downloads\breathe-esg\breathe-esg\venv\Lib\site-packages\numpy\_core\multiarray.py", line 11, in <module>
    from . import _multiarray_umath, overrides
  File "c:\Users\saive\Downloads\breathe-esg\breathe-esg\venv\Lib\site-packages\numpy\_core\overrides.py", line 6, in <module>
    from numpy._core._multiarray_umath import (
    ...<3 lines>...
    )
ModuleNotFoundError: No module named 'numpy._core._multiarray_umath'

The above exception was the direct cause of the following exception:

Traceback (most recent call last):
  File "c:\Users\saive\Downloads\breathe-esg\breathe-esg\venv\Lib\site-packages\django\core\checks\urls.py", line 136, in check_custom_error_handlers
    handler = resolver.resolve_error_handler(status_code)
  File "c:\Users\saive\Downloads\breathe-esg\breathe-esg\venv\Lib\site-packages\django\urls\resolvers.py", line 743, in resolve_error_handler
    callback = getattr(self.urlconf_module, "handler%s" % view_type, None)
                       ^^^^^^^^^^^^^^^^^^^
  File "c:\Users\saive\Downloads\breathe-esg\breathe-esg\venv\Lib\site-packages\django\utils\functional.py", line 47, in __get__
    res = instance.__dict__[self.name] = self.func(instance)
                                         ~~~~~~~~~^^^^^^^^^^
  File "c:\Users\saive\Downloads\breathe-esg\breathe-esg\venv\Lib\site-packages\django\urls\resolvers.py", line 722, in urlconf_module
    return import_module(self.urlconf_name)
  File "C:\Users\saive\AppData\Local\Python\pythoncore-3.14-64\Lib\importlib\__init__.py", line 88, in import_module
    return _bootstrap._gcd_import(name[level:], package, level)
           ~~~~~~~~~~~~~~~~~~~~~~^^^^^^^^^^^^^^^^^^^^^^^^^^^^^^
  File "<frozen importlib._bootstrap>", line 1398, in _gcd_import
  File "<frozen importlib._bootstrap>", line 1371, in _find_and_load
  File "<frozen importlib._bootstrap>", line 1342, in _find_and_load_unlocked
  File "<frozen importlib._bootstrap>", line 938, in _load_unlocked
  File "<frozen importlib._bootstrap_external>", line 759, in exec_module
  File "<frozen importlib._bootstrap>", line 491, in _call_with_frames_removed
  File "c:\Users\saive\Downloads\breathe-esg\breathe-esg\config\urls.py", line 22, in <module>
    path('api/', include('api.urls')),
                 ~~~~~~~^^^^^^^^^^^^
  File "c:\Users\saive\Downloads\breathe-esg\breathe-esg\venv\Lib\site-packages\django\urls\conf.py", line 39, in include
    urlconf_module = import_module(urlconf_module)
  File "C:\Users\saive\AppData\Local\Python\pythoncore-3.14-64\Lib\importlib\__init__.py", line 88, in import_module
    return _bootstrap._gcd_import(name[level:], package, level)
           ~~~~~~~~~~~~~~~~~~~~~~^^^^^^^^^^^^^^^^^^^^^^^^^^^^^^
  File "<frozen importlib._bootstrap>", line 1398, in _gcd_import
  File "<frozen importlib._bootstrap>", line 1371, in _find_and_load
  File "<frozen importlib._bootstrap>", line 1342, in _find_and_load_unlocked
  File "<frozen importlib._bootstrap>", line 938, in _load_unlocked
  File "<frozen importlib._bootstrap_external>", line 759, in exec_module
  File "<frozen importlib._bootstrap>", line 491, in _call_with_frames_removed
  File "c:\Users\saive\Downloads\breathe-esg\breathe-esg\api\urls.py", line 3, in <module>
    from . import views
  File "c:\Users\saive\Downloads\breathe-esg\breathe-esg\api\views.py", line 10, in <module>
    from ingestion.services import process_batch
  File "c:\Users\saive\Downloads\breathe-esg\breathe-esg\ingestion\services.py", line 7, in <module>
    import numpy as np
  File "c:\Users\saive\Downloads\breathe-esg\breathe-esg\venv\Lib\site-packages\numpy\__init__.py", line 125, in <module>
    from numpy.__config__ import show_config
  File "c:\Users\saive\Downloads\breathe-esg\breathe-esg\venv\Lib\site-packages\numpy\__config__.py", line 4, in <module>
    from numpy._core._multiarray_umath import (
    ...<3 lines>...
    )
  File "c:\Users\saive\Downloads\breathe-esg\breathe-esg\venv\Lib\site-packages\numpy\_core\__init__.py", line 85, in <module>
    raise ImportError(msg) from exc
ImportError: 

IMPORTANT: PLEASE READ THIS FOR ADVICE ON HOW TO SOLVE THIS ISSUE!

Importing the numpy C-extensions failed. This error can happen for
many reasons, often due to issues with your setup or how NumPy was
installed.
The following compiled module files exist, but seem incompatible
with with either python 'cpython-314' or the platform 'win32':

  * _multiarray_umath.cp312-win_amd64.lib
  * _multiarray_umath.cp312-win_amd64.pyd

We have compiled some common reasons and troubleshooting tips at:

    https://numpy.org/devdocs/user/troubleshooting-importerror.html

Please note and check the following:

  * The Python version is: Python 3.14 from "c:\Users\saive\Downloads\breathe-esg\breathe-esg\venv\Scripts\python.exe"
  * The NumPy version is: "2.4.6"

and make sure that they are the versions you expect.

Please carefully study the information and documentation linked above.
This is unlikely to be a NumPy issue but will be caused by a bad install
or environment on your machine.

Original error was: No module named 'numpy._core._multiarray_umath'


During handling of the above exception, another exception occurred:

Traceback (most recent call last):
  File "c:\Users\saive\Downloads\breathe-esg\breathe-esg\venv\Lib\site-packages\numpy\_core\__init__.py", line 24, in <module>
    from . import multiarray
  File "c:\Users\saive\Downloads\breathe-esg\breathe-esg\venv\Lib\site-packages\numpy\_core\multiarray.py", line 11, in <module>
    from . import _multiarray_umath, overrides
  File "c:\Users\saive\Downloads\breathe-esg\breathe-esg\venv\Lib\site-packages\numpy\_core\overrides.py", line 6, in <module>
    from numpy._core._multiarray_umath import (
    ...<3 lines>...
    )
ModuleNotFoundError: No module named 'numpy._core._multiarray_umath'

The above exception was the direct cause of the following exception:

Traceback (most recent call last):
  File "C:\Users\saive\AppData\Local\Python\pythoncore-3.14-64\Lib\threading.py", line 1082, in _bootstrap_inner
    self._context.run(self.run)
    ~~~~~~~~~~~~~~~~~^^^^^^^^^^
  File "C:\Users\saive\AppData\Local\Python\pythoncore-3.14-64\Lib\threading.py", line 1024, in run
    self._target(*self._args, **self._kwargs)
    ~~~~~~~~~~~~^^^^^^^^^^^^^^^^^^^^^^^^^^^^^
  File "c:\Users\saive\Downloads\breathe-esg\breathe-esg\venv\Lib\site-packages\django\utils\autoreload.py", line 64, in wrapper
    fn(*args, **kwargs)
    ~~^^^^^^^^^^^^^^^^^
  File "c:\Users\saive\Downloads\breathe-esg\breathe-esg\venv\Lib\site-packages\django\core\management\commands\runserver.py", line 134, in inner_run
    self.check(**check_kwargs)
    ~~~~~~~~~~^^^^^^^^^^^^^^^^
  File "c:\Users\saive\Downloads\breathe-esg\breathe-esg\venv\Lib\site-packages\django\core\management\base.py", line 496, in check
    all_issues = checks.run_checks(
        app_configs=app_configs,
    ...<2 lines>...
        databases=databases,
    )
  File "c:\Users\saive\Downloads\breathe-esg\breathe-esg\venv\Lib\site-packages\django\core\checks\registry.py", line 89, in run_checks
    new_errors = check(app_configs=app_configs, databases=databases)
  File "c:\Users\saive\Downloads\breathe-esg\breathe-esg\venv\Lib\site-packages\django\core\checks\urls.py", line 138, in check_custom_error_handlers
    path = getattr(resolver.urlconf_module, "handler%s" % status_code)
                   ^^^^^^^^^^^^^^^^^^^^^^^
  File "c:\Users\saive\Downloads\breathe-esg\breathe-esg\venv\Lib\site-packages\django\utils\functional.py", line 47, in __get__
    res = instance.__dict__[self.name] = self.func(instance)
                                         ~~~~~~~~~^^^^^^^^^^
  File "c:\Users\saive\Downloads\breathe-esg\breathe-esg\venv\Lib\site-packages\django\urls\resolvers.py", line 722, in urlconf_module
    return import_module(self.urlconf_name)
  File "C:\Users\saive\AppData\Local\Python\pythoncore-3.14-64\Lib\importlib\__init__.py", line 88, in import_module
    return _bootstrap._gcd_import(name[level:], package, level)
           ~~~~~~~~~~~~~~~~~~~~~~^^^^^^^^^^^^^^^^^^^^^^^^^^^^^^
  File "<frozen importlib._bootstrap>", line 1398, in _gcd_import
  File "<frozen importlib._bootstrap>", line 1371, in _find_and_load
  File "<frozen importlib._bootstrap>", line 1342, in _find_and_load_unlocked
  File "<frozen importlib._bootstrap>", line 938, in _load_unlocked
  File "<frozen importlib._bootstrap_external>", line 759, in exec_module
  File "<frozen importlib._bootstrap>", line 491, in _call_with_frames_removed
  File "c:\Users\saive\Downloads\breathe-esg\breathe-esg\config\urls.py", line 22, in <module>
    path('api/', include('api.urls')),
                 ~~~~~~~^^^^^^^^^^^^
  File "c:\Users\saive\Downloads\breathe-esg\breathe-esg\venv\Lib\site-packages\django\urls\conf.py", line 39, in include
    urlconf_module = import_module(urlconf_module)
  File "C:\Users\saive\AppData\Local\Python\pythoncore-3.14-64\Lib\importlib\__init__.py", line 88, in import_module
    return _bootstrap._gcd_import(name[level:], package, level)
           ~~~~~~~~~~~~~~~~~~~~~~^^^^^^^^^^^^^^^^^^^^^^^^^^^^^^
  File "<frozen importlib._bootstrap>", line 1398, in _gcd_import
  File "<frozen importlib._bootstrap>", line 1371, in _find_and_load
  File "<frozen importlib._bootstrap>", line 1342, in _find_and_load_unlocked
  File "<frozen importlib._bootstrap>", line 938, in _load_unlocked
  File "<frozen importlib._bootstrap_external>", line 759, in exec_module
  File "<frozen importlib._bootstrap>", line 491, in _call_with_frames_removed
  File "c:\Users\saive\Downloads\breathe-esg\breathe-esg\api\urls.py", line 3, in <module>
    from . import views
  File "c:\Users\saive\Downloads\breathe-esg\breathe-esg\api\views.py", line 10, in <module>
    from ingestion.services import process_batch
  File "c:\Users\saive\Downloads\breathe-esg\breathe-esg\ingestion\services.py", line 7, in <module>
    import numpy as np
  File "c:\Users\saive\Downloads\breathe-esg\breathe-esg\venv\Lib\site-packages\numpy\__init__.py", line 125, in <module>
    from numpy.__config__ import show_config
  File "c:\Users\saive\Downloads\breathe-esg\breathe-esg\venv\Lib\site-packages\numpy\__config__.py", line 4, in <module>
    from numpy._core._multiarray_umath import (
    ...<3 lines>...
    )
  File "c:\Users\saive\Downloads\breathe-esg\breathe-esg\venv\Lib\site-packages\numpy\_core\__init__.py", line 85, in <module>
    raise ImportError(msg) from exc
ImportError: 

IMPORTANT: PLEASE READ THIS FOR ADVICE ON HOW TO SOLVE THIS ISSUE!

Importing the numpy C-extensions failed. This error can happen for
many reasons, often due to issues with your setup or how NumPy was
installed.
The following compiled module files exist, but seem incompatible
with with either python 'cpython-314' or the platform 'win32':

  * _multiarray_umath.cp312-win_amd64.lib
  * _multiarray_umath.cp312-win_amd64.pyd

We have compiled some common reasons and troubleshooting tips at:

    https://numpy.org/devdocs/user/troubleshooting-importerror.html

Please note and check the following:

  * The Python version is: Python 3.14 from "c:\Users\saive\Downloads\breathe-esg\breathe-esg\venv\Scripts\python.exe"
  * The NumPy version is: "2.4.6"

and make sure that they are the versions you expect.

Please carefully study the information and documentation linked above.
This is unlikely to be a NumPy issue but will be caused by a bad install
or environment on your machine.

Original error was: No module named 'numpy._core._multiarray_umath'

C:\Users\saive\Downloads\breathe-esg\breathe-esg\venv\Lib\site-packages\numpy\_distributor_init.py changed, reloading.
Performing system checks...

Watching for file changes with StatReloader
Exception in thread django-main-thread:
Traceback (most recent call last):
  File "c:\Users\saive\Downloads\breathe-esg\breathe-esg\venv\Lib\site-packages\django\core\checks\urls.py", line 136, in check_custom_error_handlers
    handler = resolver.resolve_error_handler(status_code)
  File "c:\Users\saive\Downloads\breathe-esg\breathe-esg\venv\Lib\site-packages\django\urls\resolvers.py", line 743, in resolve_error_handler
    callback = getattr(self.urlconf_module, "handler%s" % view_type, None)
                       ^^^^^^^^^^^^^^^^^^^
  File "c:\Users\saive\Downloads\breathe-esg\breathe-esg\venv\Lib\site-packages\django\utils\functional.py", line 47, in __get__
    res = instance.__dict__[self.name] = self.func(instance)
                                         ~~~~~~~~~^^^^^^^^^^
  File "c:\Users\saive\Downloads\breathe-esg\breathe-esg\venv\Lib\site-packages\django\urls\resolvers.py", line 722, in urlconf_module
    return import_module(self.urlconf_name)
  File "C:\Users\saive\AppData\Local\Python\pythoncore-3.14-64\Lib\importlib\__init__.py", line 88, in import_module
    return _bootstrap._gcd_import(name[level:], package, level)
           ~~~~~~~~~~~~~~~~~~~~~~^^^^^^^^^^^^^^^^^^^^^^^^^^^^^^
  File "<frozen importlib._bootstrap>", line 1398, in _gcd_import
  File "<frozen importlib._bootstrap>", line 1371, in _find_and_load
  File "<frozen importlib._bootstrap>", line 1342, in _find_and_load_unlocked
  File "<frozen importlib._bootstrap>", line 938, in _load_unlocked
  File "<frozen importlib._bootstrap_external>", line 759, in exec_module
  File "<frozen importlib._bootstrap>", line 491, in _call_with_frames_removed
  File "c:\Users\saive\Downloads\breathe-esg\breathe-esg\config\urls.py", line 22, in <module>
    path('api/', include('api.urls')),
                 ~~~~~~~^^^^^^^^^^^^
  File "c:\Users\saive\Downloads\breathe-esg\breathe-esg\venv\Lib\site-packages\django\urls\conf.py", line 39, in include
    urlconf_module = import_module(urlconf_module)
  File "C:\Users\saive\AppData\Local\Python\pythoncore-3.14-64\Lib\importlib\__init__.py", line 88, in import_module
    return _bootstrap._gcd_import(name[level:], package, level)
           ~~~~~~~~~~~~~~~~~~~~~~^^^^^^^^^^^^^^^^^^^^^^^^^^^^^^
  File "<frozen importlib._bootstrap>", line 1398, in _gcd_import
  File "<frozen importlib._bootstrap>", line 1371, in _find_and_load
  File "<frozen importlib._bootstrap>", line 1342, in _find_and_load_unlocked
  File "<frozen importlib._bootstrap>", line 938, in _load_unlocked
  File "<frozen importlib._bootstrap_external>", line 759, in exec_module
  File "<frozen importlib._bootstrap>", line 491, in _call_with_frames_removed
  File "c:\Users\saive\Downloads\breathe-esg\breathe-esg\api\urls.py", line 3, in <module>
    from . import views
  File "c:\Users\saive\Downloads\breathe-esg\breathe-esg\api\views.py", line 10, in <module>
    from ingestion.services import process_batch
  File "c:\Users\saive\Downloads\breathe-esg\breathe-esg\ingestion\services.py", line 7, in <module>
    import numpy as np
  File "c:\Users\saive\Downloads\breathe-esg\breathe-esg\venv\Lib\site-packages\numpy\__init__.py", line 108, in <module>
    from ._globals import _CopyMode, _NoValue
  File "c:\Users\saive\Downloads\breathe-esg\breathe-esg\venv\Lib\site-packages\numpy\_globals.py", line 20, in <module>
    from ._utils import set_module as _set_module
ModuleNotFoundError: No module named 'numpy._utils'

During handling of the above exception, another exception occurred:

Traceback (most recent call last):
  File "C:\Users\saive\AppData\Local\Python\pythoncore-3.14-64\Lib\threading.py", line 1082, in _bootstrap_inner
    self._context.run(self.run)
    ~~~~~~~~~~~~~~~~~^^^^^^^^^^
  File "C:\Users\saive\AppData\Local\Python\pythoncore-3.14-64\Lib\threading.py", line 1024, in run
    self._target(*self._args, **self._kwargs)
    ~~~~~~~~~~~~^^^^^^^^^^^^^^^^^^^^^^^^^^^^^
  File "c:\Users\saive\Downloads\breathe-esg\breathe-esg\venv\Lib\site-packages\django\utils\autoreload.py", line 64, in wrapper
    fn(*args, **kwargs)
    ~~^^^^^^^^^^^^^^^^^
  File "c:\Users\saive\Downloads\breathe-esg\breathe-esg\venv\Lib\site-packages\django\core\management\commands\runserver.py", line 134, in inner_run
    self.check(**check_kwargs)
    ~~~~~~~~~~^^^^^^^^^^^^^^^^
  File "c:\Users\saive\Downloads\breathe-esg\breathe-esg\venv\Lib\site-packages\django\core\management\base.py", line 496, in check
    all_issues = checks.run_checks(
        app_configs=app_configs,
    ...<2 lines>...
        databases=databases,
    )
  File "c:\Users\saive\Downloads\breathe-esg\breathe-esg\venv\Lib\site-packages\django\core\checks\registry.py", line 89, in run_checks
    new_errors = check(app_configs=app_configs, databases=databases)
  File "c:\Users\saive\Downloads\breathe-esg\breathe-esg\venv\Lib\site-packages\django\core\checks\urls.py", line 138, in check_custom_error_handlers
    path = getattr(resolver.urlconf_module, "handler%s" % status_code)
                   ^^^^^^^^^^^^^^^^^^^^^^^
  File "c:\Users\saive\Downloads\breathe-esg\breathe-esg\venv\Lib\site-packages\django\utils\functional.py", line 47, in __get__
    res = instance.__dict__[self.name] = self.func(instance)
                                         ~~~~~~~~~^^^^^^^^^^
  File "c:\Users\saive\Downloads\breathe-esg\breathe-esg\venv\Lib\site-packages\django\urls\resolvers.py", line 722, in urlconf_module
    return import_module(self.urlconf_name)
  File "C:\Users\saive\AppData\Local\Python\pythoncore-3.14-64\Lib\importlib\__init__.py", line 88, in import_module
    return _bootstrap._gcd_import(name[level:], package, level)
           ~~~~~~~~~~~~~~~~~~~~~~^^^^^^^^^^^^^^^^^^^^^^^^^^^^^^
  File "<frozen importlib._bootstrap>", line 1398, in _gcd_import
  File "<frozen importlib._bootstrap>", line 1371, in _find_and_load
  File "<frozen importlib._bootstrap>", line 1342, in _find_and_load_unlocked
  File "<frozen importlib._bootstrap>", line 938, in _load_unlocked
  File "<frozen importlib._bootstrap_external>", line 759, in exec_module
  File "<frozen importlib._bootstrap>", line 491, in _call_with_frames_removed
  File "c:\Users\saive\Downloads\breathe-esg\breathe-esg\config\urls.py", line 22, in <module>
    path('api/', include('api.urls')),
                 ~~~~~~~^^^^^^^^^^^^
  File "c:\Users\saive\Downloads\breathe-esg\breathe-esg\venv\Lib\site-packages\django\urls\conf.py", line 39, in include
    urlconf_module = import_module(urlconf_module)
  File "C:\Users\saive\AppData\Local\Python\pythoncore-3.14-64\Lib\importlib\__init__.py", line 88, in import_module
    return _bootstrap._gcd_import(name[level:], package, level)
           ~~~~~~~~~~~~~~~~~~~~~~^^^^^^^^^^^^^^^^^^^^^^^^^^^^^^
  File "<frozen importlib._bootstrap>", line 1398, in _gcd_import
  File "<frozen importlib._bootstrap>", line 1371, in _find_and_load
  File "<frozen importlib._bootstrap>", line 1342, in _find_and_load_unlocked
  File "<frozen importlib._bootstrap>", line 938, in _load_unlocked
  File "<frozen importlib._bootstrap_external>", line 759, in exec_module
  File "<frozen importlib._bootstrap>", line 491, in _call_with_frames_removed
  File "c:\Users\saive\Downloads\breathe-esg\breathe-esg\api\urls.py", line 3, in <module>
    from . import views
  File "c:\Users\saive\Downloads\breathe-esg\breathe-esg\api\views.py", line 10, in <module>
    from ingestion.services import process_batch
  File "c:\Users\saive\Downloads\breathe-esg\breathe-esg\ingestion\services.py", line 7, in <module>
    import numpy as np
  File "c:\Users\saive\Downloads\breathe-esg\breathe-esg\venv\Lib\site-packages\numpy\__init__.py", line 108, in <module>
    from ._globals import _CopyMode, _NoValue
  File "c:\Users\saive\Downloads\breathe-esg\breathe-esg\venv\Lib\site-packages\numpy\_globals.py", line 20, in <module>
    from ._utils import set_module as _set_module
ModuleNotFoundError: No module named 'numpy._utils'
C:\Users\saive\Downloads\breathe-esg\breathe-esg\venv\Lib\site-packages\numpy\_expired_attrs_2_0.py changed, reloading.
Performing system checks...

Watching for file changes with StatReloader
Exception in thread django-main-thread:
Traceback (most recent call last):
  File "c:\Users\saive\Downloads\breathe-esg\breathe-esg\venv\Lib\site-packages\django\core\checks\urls.py", line 136, in check_custom_error_handlers
    handler = resolver.resolve_error_handler(status_code)
  File "c:\Users\saive\Downloads\breathe-esg\breathe-esg\venv\Lib\site-packages\django\urls\resolvers.py", line 743, in resolve_error_handler
    callback = getattr(self.urlconf_module, "handler%s" % view_type, None)
                       ^^^^^^^^^^^^^^^^^^^
  File "c:\Users\saive\Downloads\breathe-esg\breathe-esg\venv\Lib\site-packages\django\utils\functional.py", line 47, in __get__
    res = instance.__dict__[self.name] = self.func(instance)
                                         ~~~~~~~~~^^^^^^^^^^
  File "c:\Users\saive\Downloads\breathe-esg\breathe-esg\venv\Lib\site-packages\django\urls\resolvers.py", line 722, in urlconf_module
    return import_module(self.urlconf_name)
  File "C:\Users\saive\AppData\Local\Python\pythoncore-3.14-64\Lib\importlib\__init__.py", line 88, in import_module
    return _bootstrap._gcd_import(name[level:], package, level)
           ~~~~~~~~~~~~~~~~~~~~~~^^^^^^^^^^^^^^^^^^^^^^^^^^^^^^
  File "<frozen importlib._bootstrap>", line 1398, in _gcd_import
  File "<frozen importlib._bootstrap>", line 1371, in _find_and_load
  File "<frozen importlib._bootstrap>", line 1342, in _find_and_load_unlocked
  File "<frozen importlib._bootstrap>", line 938, in _load_unlocked
  File "<frozen importlib._bootstrap_external>", line 759, in exec_module
  File "<frozen importlib._bootstrap>", line 491, in _call_with_frames_removed
  File "c:\Users\saive\Downloads\breathe-esg\breathe-esg\config\urls.py", line 22, in <module>
    path('api/', include('api.urls')),
                 ~~~~~~~^^^^^^^^^^^^
  File "c:\Users\saive\Downloads\breathe-esg\breathe-esg\venv\Lib\site-packages\django\urls\conf.py", line 39, in include
    urlconf_module = import_module(urlconf_module)
  File "C:\Users\saive\AppData\Local\Python\pythoncore-3.14-64\Lib\importlib\__init__.py", line 88, in import_module
    return _bootstrap._gcd_import(name[level:], package, level)
           ~~~~~~~~~~~~~~~~~~~~~~^^^^^^^^^^^^^^^^^^^^^^^^^^^^^^
  File "<frozen importlib._bootstrap>", line 1398, in _gcd_import
  File "<frozen importlib._bootstrap>", line 1371, in _find_and_load
  File "<frozen importlib._bootstrap>", line 1342, in _find_and_load_unlocked
  File "<frozen importlib._bootstrap>", line 938, in _load_unlocked
  File "<frozen importlib._bootstrap_external>", line 759, in exec_module
  File "<frozen importlib._bootstrap>", line 491, in _call_with_frames_removed
  File "c:\Users\saive\Downloads\breathe-esg\breathe-esg\api\urls.py", line 3, in <module>
    from . import views
  File "c:\Users\saive\Downloads\breathe-esg\breathe-esg\api\views.py", line 10, in <module>
    from ingestion.services import process_batch
  File "c:\Users\saive\Downloads\breathe-esg\breathe-esg\ingestion\services.py", line 8, in <module>
    import pandas as pd
  File "c:\Users\saive\Downloads\breathe-esg\breathe-esg\venv\Lib\site-packages\pandas\__init__.py", line 56, in <module>
    import pandas.core.config_init  # pyright: ignore[reportUnusedImport] # noqa: F401
    ^^^^^^^^^^^^^^^^^^^^^^^^^^^^^^
  File "c:\Users\saive\Downloads\breathe-esg\breathe-esg\venv\Lib\site-packages\pandas\core\config_init.py", line 31, in <module>
    from pandas.errors import Pandas4Warning
  File "c:\Users\saive\Downloads\breathe-esg\breathe-esg\venv\Lib\site-packages\pandas\errors\__init__.py", line 12, in <module>
    from pandas._libs.tslibs import (
    ...<3 lines>...
    )
  File "c:\Users\saive\Downloads\breathe-esg\breathe-esg\venv\Lib\site-packages\pandas\_libs\__init__.py", line 16, in <module>
    import pandas._libs.pandas_parser  # isort: skip # type: ignore[reportUnusedImport]
    ^^^^^^^^^^^^^^^^^^^^^^^^^^^^^^^^^
ModuleNotFoundError: No module named 'pandas._libs.pandas_parser'

During handling of the above exception, another exception occurred:

Traceback (most recent call last):
  File "C:\Users\saive\AppData\Local\Python\pythoncore-3.14-64\Lib\threading.py", line 1082, in _bootstrap_inner
    self._context.run(self.run)
    ~~~~~~~~~~~~~~~~~^^^^^^^^^^
  File "C:\Users\saive\AppData\Local\Python\pythoncore-3.14-64\Lib\threading.py", line 1024, in run
    self._target(*self._args, **self._kwargs)
    ~~~~~~~~~~~~^^^^^^^^^^^^^^^^^^^^^^^^^^^^^
  File "c:\Users\saive\Downloads\breathe-esg\breathe-esg\venv\Lib\site-packages\django\utils\autoreload.py", line 64, in wrapper
    fn(*args, **kwargs)
    ~~^^^^^^^^^^^^^^^^^
  File "c:\Users\saive\Downloads\breathe-esg\breathe-esg\venv\Lib\site-packages\django\core\management\commands\runserver.py", line 134, in inner_run
    self.check(**check_kwargs)
    ~~~~~~~~~~^^^^^^^^^^^^^^^^
  File "c:\Users\saive\Downloads\breathe-esg\breathe-esg\venv\Lib\site-packages\django\core\management\base.py", line 496, in check
    all_issues = checks.run_checks(
        app_configs=app_configs,
    ...<2 lines>...
        databases=databases,
    )
  File "c:\Users\saive\Downloads\breathe-esg\breathe-esg\venv\Lib\site-packages\django\core\checks\registry.py", line 89, in run_checks
    new_errors = check(app_configs=app_configs, databases=databases)
  File "c:\Users\saive\Downloads\breathe-esg\breathe-esg\venv\Lib\site-packages\django\core\checks\urls.py", line 138, in check_custom_error_handlers
    path = getattr(resolver.urlconf_module, "handler%s" % status_code)
                   ^^^^^^^^^^^^^^^^^^^^^^^
  File "c:\Users\saive\Downloads\breathe-esg\breathe-esg\venv\Lib\site-packages\django\utils\functional.py", line 47, in __get__
    res = instance.__dict__[self.name] = self.func(instance)
                                         ~~~~~~~~~^^^^^^^^^^
  File "c:\Users\saive\Downloads\breathe-esg\breathe-esg\venv\Lib\site-packages\django\urls\resolvers.py", line 722, in urlconf_module
    return import_module(self.urlconf_name)
  File "C:\Users\saive\AppData\Local\Python\pythoncore-3.14-64\Lib\importlib\__init__.py", line 88, in import_module
    return _bootstrap._gcd_import(name[level:], package, level)
           ~~~~~~~~~~~~~~~~~~~~~~^^^^^^^^^^^^^^^^^^^^^^^^^^^^^^
  File "<frozen importlib._bootstrap>", line 1398, in _gcd_import
  File "<frozen importlib._bootstrap>", line 1371, in _find_and_load
  File "<frozen importlib._bootstrap>", line 1342, in _find_and_load_unlocked
  File "<frozen importlib._bootstrap>", line 938, in _load_unlocked
  File "<frozen importlib._bootstrap_external>", line 759, in exec_module
  File "<frozen importlib._bootstrap>", line 491, in _call_with_frames_removed
  File "c:\Users\saive\Downloads\breathe-esg\breathe-esg\config\urls.py", line 22, in <module>
    path('api/', include('api.urls')),
                 ~~~~~~~^^^^^^^^^^^^
  File "c:\Users\saive\Downloads\breathe-esg\breathe-esg\venv\Lib\site-packages\django\urls\conf.py", line 39, in include
    urlconf_module = import_module(urlconf_module)
  File "C:\Users\saive\AppData\Local\Python\pythoncore-3.14-64\Lib\importlib\__init__.py", line 88, in import_module
    return _bootstrap._gcd_import(name[level:], package, level)
           ~~~~~~~~~~~~~~~~~~~~~~^^^^^^^^^^^^^^^^^^^^^^^^^^^^^^
  File "<frozen importlib._bootstrap>", line 1398, in _gcd_import
  File "<frozen importlib._bootstrap>", line 1371, in _find_and_load
  File "<frozen importlib._bootstrap>", line 1342, in _find_and_load_unlocked
  File "<frozen importlib._bootstrap>", line 938, in _load_unlocked
  File "<frozen importlib._bootstrap_external>", line 759, in exec_module
  File "<frozen importlib._bootstrap>", line 491, in _call_with_frames_removed
  File "c:\Users\saive\Downloads\breathe-esg\breathe-esg\api\urls.py", line 3, in <module>
    from . import views
  File "c:\Users\saive\Downloads\breathe-esg\breathe-esg\api\views.py", line 10, in <module>
    from ingestion.services import process_batch
  File "c:\Users\saive\Downloads\breathe-esg\breathe-esg\ingestion\services.py", line 8, in <module>
    import pandas as pd
  File "c:\Users\saive\Downloads\breathe-esg\breathe-esg\venv\Lib\site-packages\pandas\__init__.py", line 56, in <module>
    import pandas.core.config_init  # pyright: ignore[reportUnusedImport] # noqa: F401
    ^^^^^^^^^^^^^^^^^^^^^^^^^^^^^^
  File "c:\Users\saive\Downloads\breathe-esg\breathe-esg\venv\Lib\site-packages\pandas\core\config_init.py", line 31, in <module>
    from pandas.errors import Pandas4Warning
  File "c:\Users\saive\Downloads\breathe-esg\breathe-esg\venv\Lib\site-packages\pandas\errors\__init__.py", line 12, in <module>
    from pandas._libs.tslibs import (
    ...<3 lines>...
    )
  File "c:\Users\saive\Downloads\breathe-esg\breathe-esg\venv\Lib\site-packages\pandas\_libs\__init__.py", line 16, in <module>
    import pandas._libs.pandas_parser  # isort: skip # type: ignore[reportUnusedImport]
    ^^^^^^^^^^^^^^^^^^^^^^^^^^^^^^^^^
ModuleNotFoundError: No module named 'pandas._libs.pandas_parser'
C:\Users\saive\Downloads\breathe-esg\breathe-esg\venv\Lib\site-packages\numpy\_array_api_info.py changed, reloading.
Performing system checks...

Watching for file changes with StatReloader
Exception in thread django-main-thread:
Traceback (most recent call last):
  File "c:\Users\saive\Downloads\breathe-esg\breathe-esg\venv\Lib\site-packages\django\core\checks\urls.py", line 136, in check_custom_error_handlers
    handler = resolver.resolve_error_handler(status_code)
  File "c:\Users\saive\Downloads\breathe-esg\breathe-esg\venv\Lib\site-packages\django\urls\resolvers.py", line 743, in resolve_error_handler
    callback = getattr(self.urlconf_module, "handler%s" % view_type, None)
                       ^^^^^^^^^^^^^^^^^^^
  File "c:\Users\saive\Downloads\breathe-esg\breathe-esg\venv\Lib\site-packages\django\utils\functional.py", line 47, in __get__
    res = instance.__dict__[self.name] = self.func(instance)
                                         ~~~~~~~~~^^^^^^^^^^
  File "c:\Users\saive\Downloads\breathe-esg\breathe-esg\venv\Lib\site-packages\django\urls\resolvers.py", line 722, in urlconf_module
    return import_module(self.urlconf_name)
  File "C:\Users\saive\AppData\Local\Python\pythoncore-3.14-64\Lib\importlib\__init__.py", line 88, in import_module
    return _bootstrap._gcd_import(name[level:], package, level)
           ~~~~~~~~~~~~~~~~~~~~~~^^^^^^^^^^^^^^^^^^^^^^^^^^^^^^
  File "<frozen importlib._bootstrap>", line 1398, in _gcd_import
  File "<frozen importlib._bootstrap>", line 1371, in _find_and_load
  File "<frozen importlib._bootstrap>", line 1342, in _find_and_load_unlocked
  File "<frozen importlib._bootstrap>", line 938, in _load_unlocked
  File "<frozen importlib._bootstrap_external>", line 759, in exec_module
  File "<frozen importlib._bootstrap>", line 491, in _call_with_frames_removed
  File "c:\Users\saive\Downloads\breathe-esg\breathe-esg\config\urls.py", line 22, in <module>
    path('api/', include('api.urls')),
                 ~~~~~~~^^^^^^^^^^^^
  File "c:\Users\saive\Downloads\breathe-esg\breathe-esg\venv\Lib\site-packages\django\urls\conf.py", line 39, in include
    urlconf_module = import_module(urlconf_module)
  File "C:\Users\saive\AppData\Local\Python\pythoncore-3.14-64\Lib\importlib\__init__.py", line 88, in import_module
    return _bootstrap._gcd_import(name[level:], package, level)
           ~~~~~~~~~~~~~~~~~~~~~~^^^^^^^^^^^^^^^^^^^^^^^^^^^^^^
  File "<frozen importlib._bootstrap>", line 1398, in _gcd_import
  File "<frozen importlib._bootstrap>", line 1371, in _find_and_load
  File "<frozen importlib._bootstrap>", line 1342, in _find_and_load_unlocked
  File "<frozen importlib._bootstrap>", line 938, in _load_unlocked
  File "<frozen importlib._bootstrap_external>", line 759, in exec_module
  File "<frozen importlib._bootstrap>", line 491, in _call_with_frames_removed
  File "c:\Users\saive\Downloads\breathe-esg\breathe-esg\api\urls.py", line 3, in <module>
    from . import views
  File "c:\Users\saive\Downloads\breathe-esg\breathe-esg\api\views.py", line 10, in <module>
    from ingestion.services import process_batch
  File "c:\Users\saive\Downloads\breathe-esg\breathe-esg\ingestion\services.py", line 8, in <module>
    import pandas as pd
ModuleNotFoundError: No module named 'pandas'

During handling of the above exception, another exception occurred:

Traceback (most recent call last):
  File "C:\Users\saive\AppData\Local\Python\pythoncore-3.14-64\Lib\threading.py", line 1082, in _bootstrap_inner
    self._context.run(self.run)
    ~~~~~~~~~~~~~~~~~^^^^^^^^^^
  File "C:\Users\saive\AppData\Local\Python\pythoncore-3.14-64\Lib\threading.py", line 1024, in run
    self._target(*self._args, **self._kwargs)
    ~~~~~~~~~~~~^^^^^^^^^^^^^^^^^^^^^^^^^^^^^
  File "c:\Users\saive\Downloads\breathe-esg\breathe-esg\venv\Lib\site-packages\django\utils\autoreload.py", line 64, in wrapper
    fn(*args, **kwargs)
    ~~^^^^^^^^^^^^^^^^^
  File "c:\Users\saive\Downloads\breathe-esg\breathe-esg\venv\Lib\site-packages\django\core\management\commands\runserver.py", line 134, in inner_run
    self.check(**check_kwargs)
    ~~~~~~~~~~^^^^^^^^^^^^^^^^
  File "c:\Users\saive\Downloads\breathe-esg\breathe-esg\venv\Lib\site-packages\django\core\management\base.py", line 496, in check
    all_issues = checks.run_checks(
        app_configs=app_configs,
    ...<2 lines>...
        databases=databases,
    )
  File "c:\Users\saive\Downloads\breathe-esg\breathe-esg\venv\Lib\site-packages\django\core\checks\registry.py", line 89, in run_checks
    new_errors = check(app_configs=app_configs, databases=databases)
  File "c:\Users\saive\Downloads\breathe-esg\breathe-esg\venv\Lib\site-packages\django\core\checks\urls.py", line 138, in check_custom_error_handlers
    path = getattr(resolver.urlconf_module, "handler%s" % status_code)
                   ^^^^^^^^^^^^^^^^^^^^^^^
  File "c:\Users\saive\Downloads\breathe-esg\breathe-esg\venv\Lib\site-packages\django\utils\functional.py", line 47, in __get__
    res = instance.__dict__[self.name] = self.func(instance)
                                         ~~~~~~~~~^^^^^^^^^^
  File "c:\Users\saive\Downloads\breathe-esg\breathe-esg\venv\Lib\site-packages\django\urls\resolvers.py", line 722, in urlconf_module
    return import_module(self.urlconf_name)
  File "C:\Users\saive\AppData\Local\Python\pythoncore-3.14-64\Lib\importlib\__init__.py", line 88, in import_module
    return _bootstrap._gcd_import(name[level:], package, level)
           ~~~~~~~~~~~~~~~~~~~~~~^^^^^^^^^^^^^^^^^^^^^^^^^^^^^^
  File "<frozen importlib._bootstrap>", line 1398, in _gcd_import
  File "<frozen importlib._bootstrap>", line 1371, in _find_and_load
  File "<frozen importlib._bootstrap>", line 1342, in _find_and_load_unlocked
  File "<frozen importlib._bootstrap>", line 938, in _load_unlocked
  File "<frozen importlib._bootstrap_external>", line 759, in exec_module
  File "<frozen importlib._bootstrap>", line 491, in _call_with_frames_removed
  File "c:\Users\saive\Downloads\breathe-esg\breathe-esg\config\urls.py", line 22, in <module>
    path('api/', include('api.urls')),
                 ~~~~~~~^^^^^^^^^^^^
  File "c:\Users\saive\Downloads\breathe-esg\breathe-esg\venv\Lib\site-packages\django\urls\conf.py", line 39, in include
    urlconf_module = import_module(urlconf_module)
  File "C:\Users\saive\AppData\Local\Python\pythoncore-3.14-64\Lib\importlib\__init__.py", line 88, in import_module
    return _bootstrap._gcd_import(name[level:], package, level)
           ~~~~~~~~~~~~~~~~~~~~~~^^^^^^^^^^^^^^^^^^^^^^^^^^^^^^
  File "<frozen importlib._bootstrap>", line 1398, in _gcd_import
  File "<frozen importlib._bootstrap>", line 1371, in _find_and_load
  File "<frozen importlib._bootstrap>", line 1342, in _find_and_load_unlocked
  File "<frozen importlib._bootstrap>", line 938, in _load_unlocked
  File "<frozen importlib._bootstrap_external>", line 759, in exec_module
  File "<frozen importlib._bootstrap>", line 491, in _call_with_frames_removed
  File "c:\Users\saive\Downloads\breathe-esg\breathe-esg\api\urls.py", line 3, in <module>
    from . import views
  File "c:\Users\saive\Downloads\breathe-esg\breathe-esg\api\views.py", line 10, in <module>
    from ingestion.services import process_batch
  File "c:\Users\saive\Downloads\breathe-esg\breathe-esg\ingestion\services.py", line 8, in <module>
    import pandas as pd
ModuleNotFoundError: No module named 'pandas'
