Watching for file changes with StatReloader
Exception in thread django-main-thread:
Traceback (most recent call last):
  File "c:\Users\saive\Downloads\breathe-esg\breathe-esg\venv\Lib\site-packages\django\core\checks\urls.py", line 136, in check_custom_error_handlers
    handler = resolver.resolve_error_handler(status_code)
  File "c:\Users\saive\Downloads\breathe-esg\breathe-esg\venv\Lib\site-packages\django\urls\resolvers.py", line 743, in resolve_error_handler
    callback = getattr(self.urlconf_module, "handler%s" % view_type, None)
                       ^^^^^^^^^^^^^^^^^^^
  File "c:\Users\saive\Downloads\breathe-esg\breathe-esg\venv\Lib\site-packages\django\utils\functional.py", line 47, in __get__
    res = instance.__dict__[self.name] = self.func(instance)
                                         ~~~~~~~~~^^^^^^^^^^
  File "c:\Users\saive\Downloads\breathe-esg\breathe-esg\venv\Lib\site-packages\django\urls\resolvers.py", line 722, in urlconf_module
    return import_module(self.urlconf_name)
  File "C:\Users\saive\AppData\Local\Python\pythoncore-3.14-64\Lib\importlib\__init__.py", line 88, in import_module
    return _bootstrap._gcd_import(name[level:], package, level)
           ~~~~~~~~~~~~~~~~~~~~~~^^^^^^^^^^^^^^^^^^^^^^^^^^^^^^
  File "<frozen importlib._bootstrap>", line 1398, in _gcd_import
  File "<frozen importlib._bootstrap>", line 1371, in _find_and_load
  File "<frozen importlib._bootstrap>", line 1342, in _find_and_load_unlocked
  File "<frozen importlib._bootstrap>", line 938, in _load_unlocked
  File "<frozen importlib._bootstrap_external>", line 759, in exec_module
  File "<frozen importlib._bootstrap>", line 491, in _call_with_frames_removed
  File "c:\Users\saive\Downloads\breathe-esg\breathe-esg\config\urls.py", line 22, in <module>
    path('api/', include('api.urls')),
                 ~~~~~~~^^^^^^^^^^^^
  File "c:\Users\saive\Downloads\breathe-esg\breathe-esg\venv\Lib\site-packages\django\urls\conf.py", line 39, in include
    urlconf_module = import_module(urlconf_module)
  File "C:\Users\saive\AppData\Local\Python\pythoncore-3.14-64\Lib\importlib\__init__.py", line 88, in import_module
    return _bootstrap._gcd_import(name[level:], package, level)
           ~~~~~~~~~~~~~~~~~~~~~~^^^^^^^^^^^^^^^^^^^^^^^^^^^^^^
  File "<frozen importlib._bootstrap>", line 1398, in _gcd_import
  File "<frozen importlib._bootstrap>", line 1371, in _find_and_load
  File "<frozen importlib._bootstrap>", line 1342, in _find_and_load_unlocked
  File "<frozen importlib._bootstrap>", line 938, in _load_unlocked
  File "<frozen importlib._bootstrap_external>", line 759, in exec_module
  File "<frozen importlib._bootstrap>", line 491, in _call_with_frames_removed
  File "c:\Users\saive\Downloads\breathe-esg\breathe-esg\api\urls.py", line 3, in <module>
    from . import views
  File "c:\Users\saive\Downloads\breathe-esg\breathe-esg\api\views.py", line 10, in <module>
    from ingestion.services import process_batch
  File "c:\Users\saive\Downloads\breathe-esg\breathe-esg\ingestion\services.py", line 8, in <module>
    import pandas as pd
  File "c:\Users\saive\Downloads\breathe-esg\breathe-esg\venv\Lib\site-packages\pandas\__init__.py", line 56, in <module>
    import pandas.core.config_init  # pyright: ignore[reportUnusedImport] # noqa: F401
    ^^^^^^^^^^^^^^^^^^^^^^^^^^^^^^
  File "c:\Users\saive\Downloads\breathe-esg\breathe-esg\venv\Lib\site-packages\pandas\core\config_init.py", line 31, in <module>
    from pandas.errors import Pandas4Warning
  File "c:\Users\saive\Downloads\breathe-esg\breathe-esg\venv\Lib\site-packages\pandas\errors\__init__.py", line 12, in <module>
    from pandas._libs.tslibs import (
    ...<3 lines>...
    )
  File "c:\Users\saive\Downloads\breathe-esg\breathe-esg\venv\Lib\site-packages\pandas\_libs\__init__.py", line 16, in <module>
    import pandas._libs.pandas_parser  # isort: skip # type: ignore[reportUnusedImport]
    ^^^^^^^^^^^^^^^^^^^^^^^^^^^^^^^^^
ModuleNotFoundError: No module named 'pandas._libs.pandas_parser'

During handling of the above exception, another exception occurred:

Traceback (most recent call last):
  File "C:\Users\saive\AppData\Local\Python\pythoncore-3.14-64\Lib\threading.py", line 1082, in _bootstrap_inner
    self._context.run(self.run)
    ~~~~~~~~~~~~~~~~~^^^^^^^^^^
  File "C:\Users\saive\AppData\Local\Python\pythoncore-3.14-64\Lib\threading.py", line 1024, in run
    self._target(*self._args, **self._kwargs)
    ~~~~~~~~~~~~^^^^^^^^^^^^^^^^^^^^^^^^^^^^^
  File "c:\Users\saive\Downloads\breathe-esg\breathe-esg\venv\Lib\site-packages\django\utils\autoreload.py", line 64, in wrapper
    fn(*args, **kwargs)
    ~~^^^^^^^^^^^^^^^^^
  File "c:\Users\saive\Downloads\breathe-esg\breathe-esg\venv\Lib\site-packages\django\core\management\commands\runserver.py", line 134, in inner_run
    self.check(**check_kwargs)
    ~~~~~~~~~~^^^^^^^^^^^^^^^^
  File "c:\Users\saive\Downloads\breathe-esg\breathe-esg\venv\Lib\site-packages\django\core\management\base.py", line 496, in check
    all_issues = checks.run_checks(
        app_configs=app_configs,
    ...<2 lines>...
        databases=databases,
    )
  File "c:\Users\saive\Downloads\breathe-esg\breathe-esg\venv\Lib\site-packages\django\core\checks\registry.py", line 89, in run_checks
    new_errors = check(app_configs=app_configs, databases=databases)
  File "c:\Users\saive\Downloads\breathe-esg\breathe-esg\venv\Lib\site-packages\django\core\checks\urls.py", line 138, in check_custom_error_handlers
    path = getattr(resolver.urlconf_module, "handler%s" % status_code)
                   ^^^^^^^^^^^^^^^^^^^^^^^
  File "c:\Users\saive\Downloads\breathe-esg\breathe-esg\venv\Lib\site-packages\django\utils\functional.py", line 47, in __get__
    res = instance.__dict__[self.name] = self.func(instance)
                                         ~~~~~~~~~^^^^^^^^^^
  File "c:\Users\saive\Downloads\breathe-esg\breathe-esg\venv\Lib\site-packages\django\urls\resolvers.py", line 722, in urlconf_module
    return import_module(self.urlconf_name)
  File "C:\Users\saive\AppData\Local\Python\pythoncore-3.14-64\Lib\importlib\__init__.py", line 88, in import_module
    return _bootstrap._gcd_import(name[level:], package, level)
           ~~~~~~~~~~~~~~~~~~~~~~^^^^^^^^^^^^^^^^^^^^^^^^^^^^^^
  File "<frozen importlib._bootstrap>", line 1398, in _gcd_import
  File "<frozen importlib._bootstrap>", line 1371, in _find_and_load
  File "<frozen importlib._bootstrap>", line 1342, in _find_and_load_unlocked
  File "<frozen importlib._bootstrap>", line 938, in _load_unlocked
  File "<frozen importlib._bootstrap_external>", line 759, in exec_module
  File "<frozen importlib._bootstrap>", line 491, in _call_with_frames_removed
  File "c:\Users\saive\Downloads\breathe-esg\breathe-esg\config\urls.py", line 22, in <module>
    path('api/', include('api.urls')),
                 ~~~~~~~^^^^^^^^^^^^
  File "c:\Users\saive\Downloads\breathe-esg\breathe-esg\venv\Lib\site-packages\django\urls\conf.py", line 39, in include
    urlconf_module = import_module(urlconf_module)
  File "C:\Users\saive\AppData\Local\Python\pythoncore-3.14-64\Lib\importlib\__init__.py", line 88, in import_module
    return _bootstrap._gcd_import(name[level:], package, level)
           ~~~~~~~~~~~~~~~~~~~~~~^^^^^^^^^^^^^^^^^^^^^^^^^^^^^^
  File "<frozen importlib._bootstrap>", line 1398, in _gcd_import
  File "<frozen importlib._bootstrap>", line 1371, in _find_and_load
  File "<frozen importlib._bootstrap>", line 1342, in _find_and_load_unlocked
  File "<frozen importlib._bootstrap>", line 938, in _load_unlocked
  File "<frozen importlib._bootstrap_external>", line 759, in exec_module
  File "<frozen importlib._bootstrap>", line 491, in _call_with_frames_removed
  File "c:\Users\saive\Downloads\breathe-esg\breathe-esg\api\urls.py", line 3, in <module>
    from . import views
  File "c:\Users\saive\Downloads\breathe-esg\breathe-esg\api\views.py", line 10, in <module>
    from ingestion.services import process_batch
  File "c:\Users\saive\Downloads\breathe-esg\breathe-esg\ingestion\services.py", line 8, in <module>
    import pandas as pd
  File "c:\Users\saive\Downloads\breathe-esg\breathe-esg\venv\Lib\site-packages\pandas\__init__.py", line 56, in <module>
    import pandas.core.config_init  # pyright: ignore[reportUnusedImport] # noqa: F401
    ^^^^^^^^^^^^^^^^^^^^^^^^^^^^^^
  File "c:\Users\saive\Downloads\breathe-esg\breathe-esg\venv\Lib\site-packages\pandas\core\config_init.py", line 31, in <module>
    from pandas.errors import Pandas4Warning
  File "c:\Users\saive\Downloads\breathe-esg\breathe-esg\venv\Lib\site-packages\pandas\errors\__init__.py", line 12, in <module>
    from pandas._libs.tslibs import (
    ...<3 lines>...
    )
  File "c:\Users\saive\Downloads\breathe-esg\breathe-esg\venv\Lib\site-packages\pandas\_libs\__init__.py", line 16, in <module>
    import pandas._libs.pandas_parser  # isort: skip # type: ignore[reportUnusedImport]
    ^^^^^^^^^^^^^^^^^^^^^^^^^^^^^^^^^
ModuleNotFoundError: No module named 'pandas._libs.pandas_parser'
C:\Users\saive\Downloads\breathe-esg\breathe-esg\venv\Lib\site-packages\numpy\dtypes.py changed, reloading.
Performing system checks...

Watching for file changes with StatReloader
Exception in thread django-main-thread:
Traceback (most recent call last):
  File "c:\Users\saive\Downloads\breathe-esg\breathe-esg\venv\Lib\site-packages\django\core\checks\urls.py", line 136, in check_custom_error_handlers
    handler = resolver.resolve_error_handler(status_code)
  File "c:\Users\saive\Downloads\breathe-esg\breathe-esg\venv\Lib\site-packages\django\urls\resolvers.py", line 743, in resolve_error_handler
    callback = getattr(self.urlconf_module, "handler%s" % view_type, None)
                       ^^^^^^^^^^^^^^^^^^^
  File "c:\Users\saive\Downloads\breathe-esg\breathe-esg\venv\Lib\site-packages\django\utils\functional.py", line 47, in __get__
    res = instance.__dict__[self.name] = self.func(instance)
                                         ~~~~~~~~~^^^^^^^^^^
  File "c:\Users\saive\Downloads\breathe-esg\breathe-esg\venv\Lib\site-packages\django\urls\resolvers.py", line 722, in urlconf_module
    return import_module(self.urlconf_name)
  File "C:\Users\saive\AppData\Local\Python\pythoncore-3.14-64\Lib\importlib\__init__.py", line 88, in import_module
    return _bootstrap._gcd_import(name[level:], package, level)
           ~~~~~~~~~~~~~~~~~~~~~~^^^^^^^^^^^^^^^^^^^^^^^^^^^^^^
  File "<frozen importlib._bootstrap>", line 1398, in _gcd_import
  File "<frozen importlib._bootstrap>", line 1371, in _find_and_load
  File "<frozen importlib._bootstrap>", line 1342, in _find_and_load_unlocked
  File "<frozen importlib._bootstrap>", line 938, in _load_unlocked
  File "<frozen importlib._bootstrap_external>", line 759, in exec_module
  File "<frozen importlib._bootstrap>", line 491, in _call_with_frames_removed
  File "c:\Users\saive\Downloads\breathe-esg\breathe-esg\config\urls.py", line 22, in <module>
    path('api/', include('api.urls')),
                 ~~~~~~~^^^^^^^^^^^^
  File "c:\Users\saive\Downloads\breathe-esg\breathe-esg\venv\Lib\site-packages\django\urls\conf.py", line 39, in include
    urlconf_module = import_module(urlconf_module)
  File "C:\Users\saive\AppData\Local\Python\pythoncore-3.14-64\Lib\importlib\__init__.py", line 88, in import_module
    return _bootstrap._gcd_import(name[level:], package, level)
           ~~~~~~~~~~~~~~~~~~~~~~^^^^^^^^^^^^^^^^^^^^^^^^^^^^^^
  File "<frozen importlib._bootstrap>", line 1398, in _gcd_import
  File "<frozen importlib._bootstrap>", line 1371, in _find_and_load
  File "<frozen importlib._bootstrap>", line 1342, in _find_and_load_unlocked
  File "<frozen importlib._bootstrap>", line 938, in _load_unlocked
  File "<frozen importlib._bootstrap_external>", line 759, in exec_module
  File "<frozen importlib._bootstrap>", line 491, in _call_with_frames_removed
  File "c:\Users\saive\Downloads\breathe-esg\breathe-esg\api\urls.py", line 3, in <module>
    from . import views
  File "c:\Users\saive\Downloads\breathe-esg\breathe-esg\api\views.py", line 10, in <module>
    from ingestion.services import process_batch
  File "c:\Users\saive\Downloads\breathe-esg\breathe-esg\ingestion\services.py", line 8, in <module>
    import pandas as pd
ModuleNotFoundError: No module named 'pandas'

During handling of the above exception, another exception occurred:

Traceback (most recent call last):
  File "C:\Users\saive\AppData\Local\Python\pythoncore-3.14-64\Lib\threading.py", line 1082, in _bootstrap_inner
    self._context.run(self.run)
    ~~~~~~~~~~~~~~~~~^^^^^^^^^^
  File "C:\Users\saive\AppData\Local\Python\pythoncore-3.14-64\Lib\threading.py", line 1024, in run
    self._target(*self._args, **self._kwargs)
    ~~~~~~~~~~~~^^^^^^^^^^^^^^^^^^^^^^^^^^^^^
  File "c:\Users\saive\Downloads\breathe-esg\breathe-esg\venv\Lib\site-packages\django\utils\autoreload.py", line 64, in wrapper
    fn(*args, **kwargs)
    ~~^^^^^^^^^^^^^^^^^
  File "c:\Users\saive\Downloads\breathe-esg\breathe-esg\venv\Lib\site-packages\django\core\management\commands\runserver.py", line 134, in inner_run
    self.check(**check_kwargs)
    ~~~~~~~~~~^^^^^^^^^^^^^^^^
  File "c:\Users\saive\Downloads\breathe-esg\breathe-esg\venv\Lib\site-packages\django\core\management\base.py", line 496, in check
    all_issues = checks.run_checks(
        app_configs=app_configs,
    ...<2 lines>...
        databases=databases,
    )
  File "c:\Users\saive\Downloads\breathe-esg\breathe-esg\venv\Lib\site-packages\django\core\checks\registry.py", line 89, in run_checks
    new_errors = check(app_configs=app_configs, databases=databases)
  File "c:\Users\saive\Downloads\breathe-esg\breathe-esg\venv\Lib\site-packages\django\core\checks\urls.py", line 138, in check_custom_error_handlers
    path = getattr(resolver.urlconf_module, "handler%s" % status_code)
                   ^^^^^^^^^^^^^^^^^^^^^^^
  File "c:\Users\saive\Downloads\breathe-esg\breathe-esg\venv\Lib\site-packages\django\utils\functional.py", line 47, in __get__
    res = instance.__dict__[self.name] = self.func(instance)
                                         ~~~~~~~~~^^^^^^^^^^
  File "c:\Users\saive\Downloads\breathe-esg\breathe-esg\venv\Lib\site-packages\django\urls\resolvers.py", line 722, in urlconf_module
    return import_module(self.urlconf_name)
  File "C:\Users\saive\AppData\Local\Python\pythoncore-3.14-64\Lib\importlib\__init__.py", line 88, in import_module
    return _bootstrap._gcd_import(name[level:], package, level)
           ~~~~~~~~~~~~~~~~~~~~~~^^^^^^^^^^^^^^^^^^^^^^^^^^^^^^
  File "<frozen importlib._bootstrap>", line 1398, in _gcd_import
  File "<frozen importlib._bootstrap>", line 1371, in _find_and_load
  File "<frozen importlib._bootstrap>", line 1342, in _find_and_load_unlocked
  File "<frozen importlib._bootstrap>", line 938, in _load_unlocked
  File "<frozen importlib._bootstrap_external>", line 759, in exec_module
  File "<frozen importlib._bootstrap>", line 491, in _call_with_frames_removed
  File "c:\Users\saive\Downloads\breathe-esg\breathe-esg\config\urls.py", line 22, in <module>
    path('api/', include('api.urls')),
                 ~~~~~~~^^^^^^^^^^^^
  File "c:\Users\saive\Downloads\breathe-esg\breathe-esg\venv\Lib\site-packages\django\urls\conf.py", line 39, in include
    urlconf_module = import_module(urlconf_module)
  File "C:\Users\saive\AppData\Local\Python\pythoncore-3.14-64\Lib\importlib\__init__.py", line 88, in import_module
    return _bootstrap._gcd_import(name[level:], package, level)
           ~~~~~~~~~~~~~~~~~~~~~~^^^^^^^^^^^^^^^^^^^^^^^^^^^^^^
  File "<frozen importlib._bootstrap>", line 1398, in _gcd_import
  File "<frozen importlib._bootstrap>", line 1371, in _find_and_load
  File "<frozen importlib._bootstrap>", line 1342, in _find_and_load_unlocked
  File "<frozen importlib._bootstrap>", line 938, in _load_unlocked
  File "<frozen importlib._bootstrap_external>", line 759, in exec_module
  File "<frozen importlib._bootstrap>", line 491, in _call_with_frames_removed
  File "c:\Users\saive\Downloads\breathe-esg\breathe-esg\api\urls.py", line 3, in <module>
    from . import views
  File "c:\Users\saive\Downloads\breathe-esg\breathe-esg\api\views.py", line 10, in <module>
    from ingestion.services import process_batch
  File "c:\Users\saive\Downloads\breathe-esg\breathe-esg\ingestion\services.py", line 8, in <module>
    import pandas as pd
ModuleNotFoundError: No module named 'pandas'
