Watching for file changes with StatReloader
[29/May/2026 02:09:10] "GET /api/health/ HTTP/1.1" 200 15
Not Found: /
[29/May/2026 02:16:21] "GET / HTTP/1.1" 404 2304
Not Found: /
[29/May/2026 02:16:22] "GET / HTTP/1.1" 404 2304
Not Found: /
[29/May/2026 02:16:23] "GET / HTTP/1.1" 404 2304
Not Found: /
[29/May/2026 02:16:24] "GET / HTTP/1.1" 404 2304
Not Found: /
[29/May/2026 02:16:25] "GET / HTTP/1.1" 404 2304
[29/May/2026 02:18:20] "POST /api/auth/token/ HTTP/1.1" 200 489
[29/May/2026 02:18:20] "GET /api/dashboard/ HTTP/1.1" 200 1943
[29/May/2026 02:18:35] "GET /api/dashboard/ HTTP/1.1" 200 1943
[29/May/2026 02:18:49] "GET /api/batches/ HTTP/1.1" 200 4259
[29/May/2026 02:19:10] "GET /api/records/ HTTP/1.1" 200 162984
[29/May/2026 02:19:20] "GET /api/dashboard/ HTTP/1.1" 200 1943
[29/May/2026 02:19:35] "GET /api/dashboard/ HTTP/1.1" 200 1943
[29/May/2026 02:19:50] "GET /api/dashboard/ HTTP/1.1" 200 1943
[29/May/2026 02:20:03] "GET /api/batches/ HTTP/1.1" 200 4259
[29/May/2026 02:20:24] "GET /api/records/ HTTP/1.1" 200 162984
[29/May/2026 02:20:27] "POST /api/records/238/review/ HTTP/1.1" 200 673
[29/May/2026 02:20:27] "GET /api/records/ HTTP/1.1" 200 163008
[29/May/2026 02:20:30] "GET /api/dashboard/ HTTP/1.1" 200 1943
[29/May/2026 02:20:45] "GET /api/dashboard/ HTTP/1.1" 200 1943
[29/May/2026 02:21:00] "GET /api/dashboard/ HTTP/1.1" 200 1943
[29/May/2026 02:21:15] "GET /api/dashboard/ HTTP/1.1" 200 1943
[29/May/2026 02:21:17] "GET /api/batches/ HTTP/1.1" 200 4259
[29/May/2026 02:21:19] "GET /api/records/ HTTP/1.1" 200 163008
[29/May/2026 02:21:47] "GET /api/dashboard/ HTTP/1.1" 200 1943
Unauthorized: /api/dashboard/
[29/May/2026 10:31:08] "GET /api/dashboard/ HTTP/1.1" 401 172
Unauthorized: /api/dashboard/
[29/May/2026 10:31:09] "GET /api/dashboard/ HTTP/1.1" 401 172
[29/May/2026 10:31:09] "POST /api/auth/token/refresh/ HTTP/1.1" 200 244
[29/May/2026 10:31:09] "GET /api/dashboard/ HTTP/1.1" 200 1943
[29/May/2026 10:31:24] "GET /api/dashboard/ HTTP/1.1" 200 1943
[29/May/2026 10:31:25] "GET /api/batches/ HTTP/1.1" 200 4259
[29/May/2026 10:31:30] "GET /api/records/ HTTP/1.1" 200 163008
[29/May/2026 10:31:44] "POST /api/records/139/review/ HTTP/1.1" 200 675
[29/May/2026 10:31:44] "GET /api/records/ HTTP/1.1" 200 163032
[29/May/2026 10:31:45] "POST /api/records/140/review/ HTTP/1.1" 200 673
[29/May/2026 10:31:45] "GET /api/records/ HTTP/1.1" 200 163056
[29/May/2026 10:31:46] "POST /api/records/141/review/ HTTP/1.1" 200 671
[29/May/2026 10:31:46] "GET /api/records/ HTTP/1.1" 200 163080
[29/May/2026 10:32:04] "GET /api/dashboard/ HTTP/1.1" 200 1943
[29/May/2026 10:32:19] "GET /api/dashboard/ HTTP/1.1" 200 1943
[29/May/2026 10:32:35] "GET /api/dashboard/ HTTP/1.1" 200 1943
[29/May/2026 10:32:50] "GET /api/dashboard/ HTTP/1.1" 200 1943
[29/May/2026 10:54:25] "POST /api/auth/token/ HTTP/1.1" 200 489
[29/May/2026 10:54:25] "GET /api/dashboard/ HTTP/1.1" 200 1943
[29/May/2026 10:54:36] "GET /api/batches/ HTTP/1.1" 200 4259
[29/May/2026 10:54:52] "GET /api/records/ HTTP/1.1" 200 163080
[29/May/2026 10:54:59] "POST /api/records/191/review/ HTTP/1.1" 200 724
[29/May/2026 10:55:00] "GET /api/records/ HTTP/1.1" 200 163104
[29/May/2026 10:55:04] "POST /api/records/190/review/ HTTP/1.1" 200 749
[29/May/2026 10:55:04] "GET /api/records/ HTTP/1.1" 200 163127
[29/May/2026 10:55:08] "POST /api/records/190/review/ HTTP/1.1" 200 750
[29/May/2026 10:55:08] "GET /api/records/ HTTP/1.1" 200 163128
[29/May/2026 10:55:14] "GET /api/dashboard/ HTTP/1.1" 200 1943
[29/May/2026 10:55:29] "GET /api/dashboard/ HTTP/1.1" 200 1943
[29/May/2026 10:55:44] "GET /api/dashboard/ HTTP/1.1" 200 1943
[29/May/2026 10:57:28] "GET /api/dashboard/ HTTP/1.1" 200 1943
[29/May/2026 10:57:32] "GET /api/batches/ HTTP/1.1" 200 4259
[29/May/2026 10:57:42] "GET /api/records/ HTTP/1.1" 200 163128
[29/May/2026 10:58:00] "GET /api/dashboard/ HTTP/1.1" 200 1943
[29/May/2026 10:58:15] "GET /api/dashboard/ HTTP/1.1" 200 1943
[29/May/2026 10:58:30] "POST /api/auth/token/ HTTP/1.1" 200 489
[29/May/2026 10:58:45] "GET /api/dashboard/ HTTP/1.1" 200 1943
[29/May/2026 10:59:00] "GET /api/dashboard/ HTTP/1.1" 200 1943
[29/May/2026 10:59:15] "GET /api/dashboard/ HTTP/1.1" 200 1943
[29/May/2026 11:00:24] "GET /api/dashboard/ HTTP/1.1" 200 1943
[29/May/2026 11:00:40] "GET /api/dashboard/ HTTP/1.1" 200 1943
[29/May/2026 11:00:55] "GET /api/dashboard/ HTTP/1.1" 200 1943
[29/May/2026 11:02:17] "GET /api/dashboard/ HTTP/1.1" 200 1943
[29/May/2026 11:11:14] "GET /api/dashboard/ HTTP/1.1" 200 1943
[29/May/2026 11:11:18] "GET /api/batches/ HTTP/1.1" 200 4259
[29/May/2026 11:11:19] "GET /api/records/ HTTP/1.1" 200 163128
[29/May/2026 11:11:35] "GET /api/dashboard/ HTTP/1.1" 200 1943
[29/May/2026 11:11:50] "GET /api/dashboard/ HTTP/1.1" 200 1943
[29/May/2026 11:12:05] "GET /api/dashboard/ HTTP/1.1" 200 1943
[29/May/2026 11:12:20] "GET /api/dashboard/ HTTP/1.1" 200 1943
[29/May/2026 11:12:36] "GET /api/dashboard/ HTTP/1.1" 200 1943
[29/May/2026 11:12:51] "GET /api/dashboard/ HTTP/1.1" 200 1943
[29/May/2026 11:13:06] "GET /api/dashboard/ HTTP/1.1" 200 1943
[29/May/2026 11:20:43] "GET /api/dashboard/ HTTP/1.1" 200 1943
[29/May/2026 11:20:58] "GET /api/dashboard/ HTTP/1.1" 200 1943
[29/May/2026 11:21:13] "GET /api/dashboard/ HTTP/1.1" 200 1943
[29/May/2026 11:21:28] "GET /api/dashboard/ HTTP/1.1" 200 1943
[29/May/2026 11:21:43] "GET /api/dashboard/ HTTP/1.1" 200 1943
[29/May/2026 11:21:58] "GET /api/dashboard/ HTTP/1.1" 200 1943
[29/May/2026 11:22:14] "GET /api/dashboard/ HTTP/1.1" 200 1943
[29/May/2026 11:22:29] "GET /api/dashboard/ HTTP/1.1" 200 1943
[29/May/2026 11:22:44] "GET /api/dashboard/ HTTP/1.1" 200 1943
[29/May/2026 11:22:59] "GET /api/dashboard/ HTTP/1.1" 200 1943
[29/May/2026 11:23:14] "GET /api/dashboard/ HTTP/1.1" 200 1943
[29/May/2026 11:23:29] "GET /api/dashboard/ HTTP/1.1" 200 1943
[29/May/2026 11:23:44] "GET /api/dashboard/ HTTP/1.1" 200 1943
[29/May/2026 11:23:59] "GET /api/dashboard/ HTTP/1.1" 200 1943
[29/May/2026 11:24:14] "GET /api/dashboard/ HTTP/1.1" 200 1943
[29/May/2026 11:24:29] "GET /api/dashboard/ HTTP/1.1" 200 1943
[29/May/2026 11:24:44] "GET /api/dashboard/ HTTP/1.1" 200 1943
[29/May/2026 11:24:59] "GET /api/dashboard/ HTTP/1.1" 200 1943
[29/May/2026 11:25:14] "GET /api/dashboard/ HTTP/1.1" 200 1943
[29/May/2026 11:25:29] "GET /api/dashboard/ HTTP/1.1" 200 1943
[29/May/2026 11:25:44] "GET /api/dashboard/ HTTP/1.1" 200 1943
[29/May/2026 11:25:59] "GET /api/dashboard/ HTTP/1.1" 200 1943
[29/May/2026 11:26:14] "GET /api/dashboard/ HTTP/1.1" 200 1943
[29/May/2026 11:26:29] "GET /api/dashboard/ HTTP/1.1" 200 1943
[29/May/2026 11:26:45] "GET /api/dashboard/ HTTP/1.1" 200 1943
[29/May/2026 11:27:00] "GET /api/dashboard/ HTTP/1.1" 200 1943
[29/May/2026 11:27:15] "GET /api/dashboard/ HTTP/1.1" 200 1943
[29/May/2026 11:27:30] "GET /api/dashboard/ HTTP/1.1" 200 1943
[29/May/2026 11:27:45] "GET /api/dashboard/ HTTP/1.1" 200 1943
[29/May/2026 11:28:00] "GET /api/dashboard/ HTTP/1.1" 200 1943
[29/May/2026 11:28:15] "GET /api/dashboard/ HTTP/1.1" 200 1943
[29/May/2026 11:28:30] "GET /api/dashboard/ HTTP/1.1" 200 1943
[29/May/2026 11:28:45] "GET /api/dashboard/ HTTP/1.1" 200 1943
[29/May/2026 11:29:00] "GET /api/dashboard/ HTTP/1.1" 200 1943
[29/May/2026 11:29:15] "GET /api/dashboard/ HTTP/1.1" 200 1943
[29/May/2026 11:29:30] "GET /api/dashboard/ HTTP/1.1" 200 1943
[29/May/2026 11:29:45] "GET /api/dashboard/ HTTP/1.1" 200 1943
[29/May/2026 11:30:00] "GET /api/dashboard/ HTTP/1.1" 200 1943
[29/May/2026 11:30:15] "GET /api/dashboard/ HTTP/1.1" 200 1943
[29/May/2026 11:30:30] "GET /api/dashboard/ HTTP/1.1" 200 1943
[29/May/2026 11:30:45] "GET /api/dashboard/ HTTP/1.1" 200 1943
[29/May/2026 11:31:00] "GET /api/dashboard/ HTTP/1.1" 200 1943
[29/May/2026 11:31:15] "GET /api/dashboard/ HTTP/1.1" 200 1943
[29/May/2026 11:31:31] "GET /api/dashboard/ HTTP/1.1" 200 1943
[29/May/2026 11:31:46] "GET /api/dashboard/ HTTP/1.1" 200 1943
[29/May/2026 11:32:01] "GET /api/dashboard/ HTTP/1.1" 200 1943
[29/May/2026 11:32:16] "GET /api/dashboard/ HTTP/1.1" 200 1943
[29/May/2026 11:32:31] "GET /api/dashboard/ HTTP/1.1" 200 1943
[29/May/2026 11:32:46] "GET /api/dashboard/ HTTP/1.1" 200 1943
[29/May/2026 11:33:01] "GET /api/dashboard/ HTTP/1.1" 200 1943
[29/May/2026 11:33:16] "GET /api/dashboard/ HTTP/1.1" 200 1943
[29/May/2026 11:33:31] "GET /api/dashboard/ HTTP/1.1" 200 1943
[29/May/2026 11:33:46] "GET /api/dashboard/ HTTP/1.1" 200 1943
[29/May/2026 11:34:01] "GET /api/dashboard/ HTTP/1.1" 200 1943
[29/May/2026 11:34:16] "GET /api/dashboard/ HTTP/1.1" 200 1943
[29/May/2026 11:34:31] "GET /api/dashboard/ HTTP/1.1" 200 1943
[29/May/2026 11:34:46] "GET /api/dashboard/ HTTP/1.1" 200 1943
[29/May/2026 11:35:01] "GET /api/dashboard/ HTTP/1.1" 200 1943
[29/May/2026 11:35:16] "GET /api/dashboard/ HTTP/1.1" 200 1943
[29/May/2026 11:35:31] "GET /api/dashboard/ HTTP/1.1" 200 1943
[29/May/2026 11:35:46] "GET /api/dashboard/ HTTP/1.1" 200 1943
[29/May/2026 11:36:02] "GET /api/dashboard/ HTTP/1.1" 200 1943
[29/May/2026 11:36:17] "GET /api/dashboard/ HTTP/1.1" 200 1943
[29/May/2026 11:36:32] "GET /api/dashboard/ HTTP/1.1" 200 1943
[29/May/2026 11:36:47] "GET /api/dashboard/ HTTP/1.1" 200 1943
[29/May/2026 11:37:02] "GET /api/dashboard/ HTTP/1.1" 200 1943
[29/May/2026 11:37:17] "GET /api/dashboard/ HTTP/1.1" 200 1943
[29/May/2026 11:37:32] "GET /api/dashboard/ HTTP/1.1" 200 1943
[29/May/2026 11:37:47] "GET /api/dashboard/ HTTP/1.1" 200 1943
[29/May/2026 11:38:02] "GET /api/dashboard/ HTTP/1.1" 200 1943
[29/May/2026 11:38:17] "GET /api/dashboard/ HTTP/1.1" 200 1943
[29/May/2026 11:38:32] "GET /api/dashboard/ HTTP/1.1" 200 1943
[29/May/2026 11:38:47] "GET /api/dashboard/ HTTP/1.1" 200 1943
[29/May/2026 11:39:02] "GET /api/dashboard/ HTTP/1.1" 200 1943
[29/May/2026 11:39:17] "GET /api/dashboard/ HTTP/1.1" 200 1943
[29/May/2026 11:39:32] "GET /api/dashboard/ HTTP/1.1" 200 1943
[29/May/2026 11:39:47] "GET /api/dashboard/ HTTP/1.1" 200 1943
[29/May/2026 11:40:02] "GET /api/dashboard/ HTTP/1.1" 200 1943
[29/May/2026 11:40:17] "GET /api/dashboard/ HTTP/1.1" 200 1943
[29/May/2026 11:40:32] "GET /api/dashboard/ HTTP/1.1" 200 1943
[29/May/2026 12:03:47] "GET /api/dashboard/ HTTP/1.1" 200 1943
[29/May/2026 12:16:20] "GET /api/dashboard/ HTTP/1.1" 200 1943
[29/May/2026 12:16:21] "GET /api/dashboard/ HTTP/1.1" 200 1943
[29/May/2026 14:34:13] "GET /api/dashboard/ HTTP/1.1" 200 1943
[29/May/2026 14:34:15] "GET /api/batches/ HTTP/1.1" 200 4259
[29/May/2026 15:14:24] "GET /api/batches/ HTTP/1.1" 200 4259
[29/May/2026 15:15:06] "GET /api/records/ HTTP/1.1" 200 163128
[29/May/2026 15:15:08] "GET /api/batches/ HTTP/1.1" 200 4259
[29/May/2026 15:15:12] "GET /api/dashboard/ HTTP/1.1" 200 1943
[29/May/2026 15:16:10] "GET /api/dashboard/ HTTP/1.1" 200 1951
[29/May/2026 15:16:16] "GET /api/batches/ HTTP/1.1" 200 4594
[29/May/2026 15:16:18] "POST /api/upload/ HTTP/1.1" 201 326
[29/May/2026 15:16:18] "GET /api/batches/ HTTP/1.1" 200 4584
[29/May/2026 15:16:23] "GET /api/records/ HTTP/1.1" 200 906169
[29/May/2026 15:16:47] "POST /api/records/497/review/ HTTP/1.1" 200 786
[29/May/2026 15:16:48] "GET /api/records/ HTTP/1.1" 200 906201
[29/May/2026 15:16:48] "POST /api/records/497/review/ HTTP/1.1" 200 786
[29/May/2026 15:16:48] "GET /api/records/ HTTP/1.1" 200 906201
[29/May/2026 15:16:51] "POST /api/records/496/review/ HTTP/1.1" 200 786
[29/May/2026 15:16:52] "GET /api/records/ HTTP/1.1" 200 906233
[29/May/2026 15:16:53] "POST /api/records/495/review/ HTTP/1.1" 200 786
[29/May/2026 15:16:53] "GET /api/records/ HTTP/1.1" 200 906265
[29/May/2026 15:16:55] "POST /api/records/494/review/ HTTP/1.1" 200 786
[29/May/2026 15:16:56] "GET /api/records/ HTTP/1.1" 200 906297
[29/May/2026 15:16:58] "GET /api/records/ HTTP/1.1" 200 906297
[29/May/2026 15:17:25] "GET /api/batches/ HTTP/1.1" 200 4584
[29/May/2026 15:17:36] "GET /api/dashboard/ HTTP/1.1" 200 1944
[29/May/2026 15:17:52] "GET /api/dashboard/ HTTP/1.1" 200 1944
[29/May/2026 15:19:21] "GET /api/dashboard/ HTTP/1.1" 200 1944
C:\Users\saive\Downloads\breathe-esg\breathe-esg\api\views.py changed, reloading.
Performing system checks...

System check identified no issues (0 silenced).
May 29, 2026 - 02:08:49
Django version 6.0.5, using settings 'config.settings'
Starting development server at http://127.0.0.1:8000/
Quit the server with CTRL-BREAK.

WARNING: This is a development server. Do not use it in a production setting. Use a production WSGI or ASGI server instead.
For more information on production servers see: https://docs.djangoproject.com/en/6.0/howto/deployment/
Watching for file changes with StatReloader
C:\Users\saive\Downloads\breathe-esg\breathe-esg\config\settings.py changed, reloading.
Performing system checks...

System check identified no issues (0 silenced).
May 29, 2026 - 15:28:47
Django version 6.0.5, using settings 'config.settings'
Starting development server at http://127.0.0.1:8000/
Quit the server with CTRL-BREAK.

WARNING: This is a development server. Do not use it in a production setting. Use a production WSGI or ASGI server instead.
For more information on production servers see: https://docs.djangoproject.com/en/6.0/howto/deployment/
Traceback (most recent call last):
  File "c:\Users\saive\Downloads\breathe-esg\breathe-esg\manage.py", line 22, in <module>
    main()
    ~~~~^^
  File "c:\Users\saive\Downloads\breathe-esg\breathe-esg\manage.py", line 18, in main
    execute_from_command_line(sys.argv)
    ~~~~~~~~~~~~~~~~~~~~~~~~~^^^^^^^^^^
  File "c:\Users\saive\Downloads\breathe-esg\breathe-esg\venv\Lib\site-packages\django\core\management\__init__.py", line 443, in execute_from_command_line
    utility.execute()
    ~~~~~~~~~~~~~~~^^
  File "c:\Users\saive\Downloads\breathe-esg\breathe-esg\venv\Lib\site-packages\django\core\management\__init__.py", line 383, in execute
    settings.INSTALLED_APPS
  File "c:\Users\saive\Downloads\breathe-esg\breathe-esg\venv\Lib\site-packages\django\conf\__init__.py", line 75, in __getattr__
    self._setup(name)
    ~~~~~~~~~~~^^^^^^
  File "c:\Users\saive\Downloads\breathe-esg\breathe-esg\venv\Lib\site-packages\django\conf\__init__.py", line 62, in _setup
    self._wrapped = Settings(settings_module)
                    ~~~~~~~~^^^^^^^^^^^^^^^^^
  File "c:\Users\saive\Downloads\breathe-esg\breathe-esg\venv\Lib\site-packages\django\conf\__init__.py", line 162, in __init__
    mod = importlib.import_module(self.SETTINGS_MODULE)
  File "C:\Users\saive\AppData\Local\Python\pythoncore-3.14-64\Lib\importlib\__init__.py", line 88, in import_module
    return _bootstrap._gcd_import(name[level:], package, level)
           ~~~~~~~~~~~~~~~~~~~~~~^^^^^^^^^^^^^^^^^^^^^^^^^^^^^^
  File "<frozen importlib._bootstrap>", line 1398, in _gcd_import
  File "<frozen importlib._bootstrap>", line 1371, in _find_and_load
  File "<frozen importlib._bootstrap>", line 1342, in _find_and_load_unlocked
  File "<frozen importlib._bootstrap>", line 938, in _load_unlocked
  File "<frozen importlib._bootstrap_external>", line 755, in exec_module
  File "<frozen importlib._bootstrap_external>", line 893, in get_code
  File "<frozen importlib._bootstrap_external>", line 823, in source_to_code
  File "<frozen importlib._bootstrap>", line 491, in _call_with_frames_removed
  File "c:\Users\saive\Downloads\breathe-esg\breathe-esg\config\settings.py", line 8
    DEBUG = 
            ^
SyntaxError: invalid syntax
